[2025-12-30 13:53:28] [INFO] Starting automation: 1 orders, max 1 parallel windows
[2025-12-30 13:53:33] [ORDER 1 STDOUT] ‚è≠Ô∏è Location selection step skipped (disabled in settings)
[2025-12-30 13:53:35] [ORDER 1 STDOUT] üìç Attempt 1/3
[2025-12-30 13:53:35] [ORDER 1 STDOUT] üë§ Attempting to click user icon...
[2025-12-30 13:53:38] [ORDER 1 STDOUT] ‚úÖ Found user icon with selector: div.UserOptions_userContainer__CqX1R
[2025-12-30 13:53:39] [ORDER 1 STDOUT] ‚úÖ User icon clicked (regular)
[2025-12-30 13:53:40] [ORDER 1 STDOUT] üì± Requesting phone number from API...
[2025-12-30 13:53:41] [ORDER 1 STDERR] Traceback (most recent call last):
[2025-12-30 13:53:41] [ORDER 1 STDERR]   File "c:\Users\zgarm\OneDrive\Desktop\Deal share\api_dynamic.py", line 43, in _http_get
[2025-12-30 13:53:41] [ORDER 1 STDERR]     with request.urlopen(url, timeout=15) as resp:
[2025-12-30 13:53:41] [ORDER 1 STDERR]          ~~~~~~~~~~~~~~~^^^^^^^^^^^^^^^^^
[2025-12-30 13:53:41] [ORDER 1 STDERR]   File "C:\Users\zgarm\AppData\Local\Programs\Python\Python313\Lib\urllib\request.py", line 189, in urlopen
[2025-12-30 13:53:41] [ORDER 1 STDERR]     return opener.open(url, data, timeout)
[2025-12-30 13:53:41] [ORDER 1 STDERR]            ~~~~~~~~~~~^^^^^^^^^^^^^^^^^^^^
[2025-12-30 13:53:41] [ORDER 1 STDERR]   File "C:\Users\zgarm\AppData\Local\Programs\Python\Python313\Lib\urllib\request.py", line 495, in open
[2025-12-30 13:53:41] [ORDER 1 STDERR]     response = meth(req, response)
[2025-12-30 13:53:41] [ORDER 1 STDERR]   File "C:\Users\zgarm\AppData\Local\Programs\Python\Python313\Lib\urllib\request.py", line 604, in http_response
[2025-12-30 13:53:41] [ORDER 1 STDERR]     response = self.parent.error(
[2025-12-30 13:53:41] [ORDER 1 STDERR]         'http', request, response, code, msg, hdrs)
[2025-12-30 13:53:41] [ORDER 1 STDERR]   File "C:\Users\zgarm\AppData\Local\Programs\Python\Python313\Lib\urllib\request.py", line 533, in error
[2025-12-30 13:53:41] [ORDER 1 STDERR]     return self._call_chain(*args)
[2025-12-30 13:53:41] [ORDER 1 STDERR]            ~~~~~~~~~~~~~~~~^^^^^^^
[2025-12-30 13:53:41] [ORDER 1 STDERR]   File "C:\Users\zgarm\AppData\Local\Programs\Python\Python313\Lib\urllib\request.py", line 466, in _call_chain
[2025-12-30 13:53:41] [ORDER 1 STDERR]     result = func(*args)
[2025-12-30 13:53:41] [ORDER 1 STDERR]   File "C:\Users\zgarm\AppData\Local\Programs\Python\Python313\Lib\urllib\request.py", line 613, in http_error_default
[2025-12-30 13:53:41] [ORDER 1 STDERR]     raise HTTPError(req.full_url, code, msg, hdrs, fp)
[2025-12-30 13:53:41] [ORDER 1 STDERR] urllib.error.HTTPError: HTTP Error 401: Unauthorized
[2025-12-30 13:53:41] [ORDER 1 STDERR] 
[2025-12-30 13:53:41] [ORDER 1 STDERR] The above exception was the direct cause of the following exception:
[2025-12-30 13:53:41] [ORDER 1 STDERR] 
[2025-12-30 13:53:41] [ORDER 1 STDERR] Traceback (most recent call last):
[2025-12-30 13:53:41] [ORDER 1 STDERR]   File "c:\Users\zgarm\OneDrive\Desktop\Deal share\main.py", line 717, in <module>
[2025-12-30 13:53:41] [ORDER 1 STDERR]     main()
[2025-12-30 13:53:41] [ORDER 1 STDERR]     ~~~~^^
[2025-12-30 13:53:41] [ORDER 1 STDERR]   File "c:\Users\zgarm\OneDrive\Desktop\Deal share\main.py", line 388, in main
[2025-12-30 13:53:41] [ORDER 1 STDERR]     number_result = get_number(
[2025-12-30 13:53:41] [ORDER 1 STDERR]         service=service,
[2025-12-30 13:53:41] [ORDER 1 STDERR]     ...<3 lines>...
[2025-12-30 13:53:41] [ORDER 1 STDERR]         base_url=api_url
[2025-12-30 13:53:41] [ORDER 1 STDERR]     )
[2025-12-30 13:53:41] [ORDER 1 STDERR]   File "c:\Users\zgarm\OneDrive\Desktop\Deal share\api_dynamic.py", line 139, in get_number
[2025-12-30 13:53:41] [ORDER 1 STDERR]     raw = _http_get(
[2025-12-30 13:53:41] [ORDER 1 STDERR]         {
[2025-12-30 13:53:41] [ORDER 1 STDERR]     ...<6 lines>...
[2025-12-30 13:53:41] [ORDER 1 STDERR]         base_url
[2025-12-30 13:53:41] [ORDER 1 STDERR]     )
[2025-12-30 13:53:41] [ORDER 1 STDERR]   File "c:\Users\zgarm\OneDrive\Desktop\Deal share\api_dynamic.py", line 61, in _http_get
[2025-12-30 13:53:41] [ORDER 1 STDERR]     raise ValueError(f"API HTTP {exc.code}: {exc.reason}") from exc
[2025-12-30 13:53:41] [ORDER 1 STDERR] ValueError: API HTTP 401: Unauthorized
[2025-12-30 13:53:41] [INFO] Order 1 completed (FAILED, return_code=1) - 1/1 total
[2025-12-30 13:53:41] [CRITICAL] Order 1 failed - all product URLs failed. Stopping all workers immediately...
[2025-12-30 13:53:42] [INFO] All 1 orders completed!
[2025-12-30 13:53:42] [INFO] Final stats: Success=0, Failure=1
[2025-12-30 13:53:42] [DEBUG] ========== AUTOMATION WORKER FINISHED ==========
