[2025-12-29 22:45:33] [INFO] Starting automation: 1 orders, max 1 parallel windows
[2025-12-29 22:45:38] [ORDER 1 STDOUT] ‚û° Trying normal location flow...
[2025-12-29 22:45:45] [ORDER 1 STDOUT] ‚ö† Location selection failed, retrying...
[2025-12-29 22:45:50] [ORDER 1 STDOUT] ‚úÖ Confirm Address pressed!
[2025-12-29 22:45:51] [ORDER 1 STDOUT] üìç Attempt 1/3
[2025-12-29 22:45:51] [ORDER 1 STDOUT] üë§ Attempting to click user icon...
[2025-12-29 22:45:53] [ORDER 1 STDOUT] ‚úÖ Found user icon with selector: div.UserOptions_userContainer__CqX1R
[2025-12-29 22:45:54] [ORDER 1 STDOUT] ‚úÖ User icon clicked (regular)
[2025-12-29 22:45:55] [ORDER 1 STDOUT] [DEBUG] Using API configuration from environment:
[2025-12-29 22:45:55] [ORDER 1 STDOUT] [DEBUG]   API_KEY: SET
[2025-12-29 22:45:55] [ORDER 1 STDOUT] [DEBUG]   API_URL: https://api.temporasms.com/stubs/handler_api.php
[2025-12-29 22:45:55] [ORDER 1 STDOUT] [DEBUG]   COUNTRY: 22
[2025-12-29 22:45:55] [ORDER 1 STDOUT] [DEBUG]   OPERATOR: 10
[2025-12-29 22:45:55] [ORDER 1 STDOUT] [DEBUG]   SERVICE: lmeh
[2025-12-29 22:45:55] [ORDER 1 STDOUT] üì± Requesting phone number from API...
[2025-12-29 22:45:57] [ORDER 1 STDOUT] ‚úÖ Got phone number: 9956960088 (request_id: 6952b74c0df7b2e43c8dd8f0)
[2025-12-29 22:45:57] [ORDER 1 STDOUT] ‚è≥ Waiting for OTP (max 2 minutes)...
[2025-12-29 22:46:01] [ORDER 1 STDOUT] ‚ùå Error in main execution: API HTTP 502: Bad Gateway
[2025-12-29 22:46:01] [ORDER 1 STDERR] Traceback (most recent call last):
[2025-12-29 22:46:01] [ORDER 1 STDERR]   File "c:\Users\zgarm\OneDrive\Desktop\Deal share\api_dynamic.py", line 43, in _http_get
[2025-12-29 22:46:01] [ORDER 1 STDERR]     with request.urlopen(url, timeout=15) as resp:
[2025-12-29 22:46:01] [ORDER 1 STDERR]          ~~~~~~~~~~~~~~~^^^^^^^^^^^^^^^^^
[2025-12-29 22:46:01] [ORDER 1 STDERR]   File "C:\Users\zgarm\AppData\Local\Programs\Python\Python313\Lib\urllib\request.py", line 189, in urlopen
[2025-12-29 22:46:01] [ORDER 1 STDERR]     return opener.open(url, data, timeout)
[2025-12-29 22:46:01] [ORDER 1 STDERR]            ~~~~~~~~~~~^^^^^^^^^^^^^^^^^^^^
[2025-12-29 22:46:01] [ORDER 1 STDERR]   File "C:\Users\zgarm\AppData\Local\Programs\Python\Python313\Lib\urllib\request.py", line 495, in open
[2025-12-29 22:46:01] [ORDER 1 STDERR]     response = meth(req, response)
[2025-12-29 22:46:01] [ORDER 1 STDERR]   File "C:\Users\zgarm\AppData\Local\Programs\Python\Python313\Lib\urllib\request.py", line 604, in http_response
[2025-12-29 22:46:01] [ORDER 1 STDERR]     response = self.parent.error(
[2025-12-29 22:46:01] [ORDER 1 STDERR]         'http', request, response, code, msg, hdrs)
[2025-12-29 22:46:01] [ORDER 1 STDERR]   File "C:\Users\zgarm\AppData\Local\Programs\Python\Python313\Lib\urllib\request.py", line 533, in error
[2025-12-29 22:46:01] [ORDER 1 STDERR]     return self._call_chain(*args)
[2025-12-29 22:46:01] [ORDER 1 STDERR]            ~~~~~~~~~~~~~~~~^^^^^^^
[2025-12-29 22:46:01] [ORDER 1 STDERR]   File "C:\Users\zgarm\AppData\Local\Programs\Python\Python313\Lib\urllib\request.py", line 466, in _call_chain
[2025-12-29 22:46:01] [ORDER 1 STDERR]     result = func(*args)
[2025-12-29 22:46:01] [ORDER 1 STDERR]   File "C:\Users\zgarm\AppData\Local\Programs\Python\Python313\Lib\urllib\request.py", line 613, in http_error_default
[2025-12-29 22:46:01] [ORDER 1 STDERR]     raise HTTPError(req.full_url, code, msg, hdrs, fp)
[2025-12-29 22:46:01] [ORDER 1 STDERR] urllib.error.HTTPError: HTTP Error 502: Bad Gateway
[2025-12-29 22:46:01] [ORDER 1 STDERR] 
[2025-12-29 22:46:01] [ORDER 1 STDERR] The above exception was the direct cause of the following exception:
[2025-12-29 22:46:01] [ORDER 1 STDERR] 
[2025-12-29 22:46:01] [ORDER 1 STDERR] Traceback (most recent call last):
[2025-12-29 22:46:01] [ORDER 1 STDERR]   File "c:\Users\zgarm\OneDrive\Desktop\Deal share\main.py", line 430, in main
[2025-12-29 22:46:01] [ORDER 1 STDERR]     otp = get_otp(
[2025-12-29 22:46:01] [ORDER 1 STDERR]         request_id=request_id,
[2025-12-29 22:46:01] [ORDER 1 STDERR]     ...<3 lines>...
[2025-12-29 22:46:01] [ORDER 1 STDERR]         poll_interval=2.0
[2025-12-29 22:46:01] [ORDER 1 STDERR]     )
[2025-12-29 22:46:01] [ORDER 1 STDERR]   File "c:\Users\zgarm\OneDrive\Desktop\Deal share\api_dynamic.py", line 194, in get_otp
[2025-12-29 22:46:01] [ORDER 1 STDERR]     response = _http_get({"action": "getStatus", "id": request_id}, api_key, base_url)
[2025-12-29 22:46:01] [ORDER 1 STDERR]   File "c:\Users\zgarm\OneDrive\Desktop\Deal share\api_dynamic.py", line 61, in _http_get
[2025-12-29 22:46:01] [ORDER 1 STDERR]     raise ValueError(f"API HTTP {exc.code}: {exc.reason}") from exc
[2025-12-29 22:46:01] [ORDER 1 STDERR] ValueError: API HTTP 502: Bad Gateway
[2025-12-29 22:46:01] [ORDER 1 STDERR] Traceback (most recent call last):
[2025-12-29 22:46:01] [ORDER 1 STDERR]   File "c:\Users\zgarm\OneDrive\Desktop\Deal share\api_dynamic.py", line 43, in _http_get
[2025-12-29 22:46:01] [ORDER 1 STDERR]     with request.urlopen(url, timeout=15) as resp:
[2025-12-29 22:46:02] [ORDER 1 STDERR]          ~~~~~~~~~~~~~~~^^^^^^^^^^^^^^^^^
[2025-12-29 22:46:02] [ORDER 1 STDERR]   File "C:\Users\zgarm\AppData\Local\Programs\Python\Python313\Lib\urllib\request.py", line 189, in urlopen
[2025-12-29 22:46:02] [ORDER 1 STDERR]     return opener.open(url, data, timeout)
[2025-12-29 22:46:02] [ORDER 1 STDERR]            ~~~~~~~~~~~^^^^^^^^^^^^^^^^^^^^
[2025-12-29 22:46:02] [ORDER 1 STDERR]   File "C:\Users\zgarm\AppData\Local\Programs\Python\Python313\Lib\urllib\request.py", line 495, in open
[2025-12-29 22:46:02] [ORDER 1 STDERR]     response = meth(req, response)
[2025-12-29 22:46:02] [ORDER 1 STDERR]   File "C:\Users\zgarm\AppData\Local\Programs\Python\Python313\Lib\urllib\request.py", line 604, in http_response
[2025-12-29 22:46:02] [ORDER 1 STDERR]     response = self.parent.error(
[2025-12-29 22:46:02] [ORDER 1 STDERR]         'http', request, response, code, msg, hdrs)
[2025-12-29 22:46:02] [ORDER 1 STDERR]   File "C:\Users\zgarm\AppData\Local\Programs\Python\Python313\Lib\urllib\request.py", line 533, in error
[2025-12-29 22:46:02] [ORDER 1 STDERR]     return self._call_chain(*args)
[2025-12-29 22:46:02] [ORDER 1 STDERR]            ~~~~~~~~~~~~~~~~^^^^^^^
[2025-12-29 22:46:02] [ORDER 1 STDERR]   File "C:\Users\zgarm\AppData\Local\Programs\Python\Python313\Lib\urllib\request.py", line 466, in _call_chain
[2025-12-29 22:46:02] [ORDER 1 STDERR]     result = func(*args)
[2025-12-29 22:46:02] [ORDER 1 STDERR]   File "C:\Users\zgarm\AppData\Local\Programs\Python\Python313\Lib\urllib\request.py", line 613, in http_error_default
[2025-12-29 22:46:02] [ORDER 1 STDERR]     raise HTTPError(req.full_url, code, msg, hdrs, fp)
[2025-12-29 22:46:02] [ORDER 1 STDERR] urllib.error.HTTPError: HTTP Error 502: Bad Gateway
[2025-12-29 22:46:02] [ORDER 1 STDERR] 
[2025-12-29 22:46:02] [ORDER 1 STDERR] The above exception was the direct cause of the following exception:
[2025-12-29 22:46:02] [ORDER 1 STDERR] 
[2025-12-29 22:46:02] [ORDER 1 STDERR] Traceback (most recent call last):
[2025-12-29 22:46:02] [ORDER 1 STDERR]   File "c:\Users\zgarm\OneDrive\Desktop\Deal share\main.py", line 679, in <module>
[2025-12-29 22:46:02] [ORDER 1 STDERR]     main()
[2025-12-29 22:46:02] [ORDER 1 STDERR]     ~~~~^^
[2025-12-29 22:46:02] [ORDER 1 STDERR]   File "c:\Users\zgarm\OneDrive\Desktop\Deal share\main.py", line 430, in main
[2025-12-29 22:46:02] [ORDER 1 STDERR]     otp = get_otp(
[2025-12-29 22:46:02] [ORDER 1 STDERR]         request_id=request_id,
[2025-12-29 22:46:02] [ORDER 1 STDERR]     ...<3 lines>...
[2025-12-29 22:46:02] [ORDER 1 STDERR]         poll_interval=2.0
[2025-12-29 22:46:02] [ORDER 1 STDERR]     )
[2025-12-29 22:46:02] [ORDER 1 STDERR]   File "c:\Users\zgarm\OneDrive\Desktop\Deal share\api_dynamic.py", line 194, in get_otp
[2025-12-29 22:46:02] [ORDER 1 STDERR]     response = _http_get({"action": "getStatus", "id": request_id}, api_key, base_url)
[2025-12-29 22:46:02] [ORDER 1 STDERR]   File "c:\Users\zgarm\OneDrive\Desktop\Deal share\api_dynamic.py", line 61, in _http_get
[2025-12-29 22:46:02] [ORDER 1 STDERR]     raise ValueError(f"API HTTP {exc.code}: {exc.reason}") from exc
[2025-12-29 22:46:02] [ORDER 1 STDERR] ValueError: API HTTP 502: Bad Gateway
[2025-12-29 22:46:02] [INFO] Order 1 completed (FAILED, return_code=1) - 1/1 total
[2025-12-29 22:46:04] [INFO] All 1 orders completed!
[2025-12-29 22:46:04] [INFO] Final stats: Success=0, Failure=1
[2025-12-29 22:46:04] [DEBUG] ========== AUTOMATION WORKER FINISHED ==========
